// Jest Snapshot v1, https://goo.gl/fbAQLP

exports[`Logo snapshot not change 1`] = `
.c0 {
  font-size: 35px;
}

<Logo>
  <Logo__LogoDiv>
    <div
      className="c0"
    >
      Borja Gracia
    </div>
  </Logo__LogoDiv>
</Logo>
`;
